// Vitest Snapshot v1, https://vitest.dev/guide/snapshot.html

exports[`determinism (golden snapshot) > full snapshot for 16082569 stays stable 1`] = `
{
  "adjacent": [
    "129445",
    "129447",
  ],
  "backThree": [
    "855",
    "576",
  ],
  "backTwo": "65",
  "firstPrize": "129446",
  "frontThree": [
    "404",
    "360",
  ],
  "targetDate": "16082569",
  "tensionScore": 89.7,
}
`;
