// Vitest Snapshot v1, https://vitest.dev/guide/snapshot.html

exports[`determinism (golden snapshot) > full snapshot for 16082569 stays stable 1`] = `
{
  "adjacent": [
    "112290",
    "112292",
  ],
  "backThree": [
    "832",
    "576",
  ],
  "backTwo": "85",
  "firstPrize": "112291",
  "frontThree": [
    "600",
    "004",
  ],
  "targetDate": "16082569",
  "tensionScore": 89.4,
}
`;
